// Jest Snapshot v1, https://goo.gl/fbAQLP

exports[`App renders correctly 1`] = `
<main>
  <section>
    <h1>
      Hello, world!
    </h1>
  </section>
</main>
`;
